// Jest Snapshot v1, https://goo.gl/fbAQLP

exports[`match snapshot 1`] = `
<div>
  <div
    class="sc-iCfMLu hzhaUz"
  >
    <button
      class="sc-pVTFL nNZzT"
    >
      Show 
      Favorites
    </button>
    <button
      class="sc-pVTFL nNZzT"
    >
      Toggle theme
    </button>
    <div
      class="sc-furwcr hCfTrP"
    >
      <li
        class="sc-bdvvtL eGdjyq"
      >
        <img
          alt="Berserk"
          class="sc-dkPtRN dfuFxG"
          src="https://cdn.myanimelist.net/images/manga/1/157897.jpg?s=f03b5f8bfeb0b0962b7d5e7cb9a8d0d3"
        />
        <div
          class="sc-hKwDye bSWfzB"
        >
          <svg
            class="sc-eCImPb imapUP"
            color="#6e727a"
            fill="currentColor"
            height="28"
            stroke="currentColor"
            stroke-width="0"
            style="color: rgb(110, 114, 122);"
            viewBox="0 0 20 20"
            width="28"
            xmlns="http://www.w3.org/2000/svg"
          >
            <path
              d="M9.049 2.927c.3-.921 1.603-.921 1.902 0l1.07 3.292a1 1 0 00.95.69h3.462c.969 0 1.371 1.24.588 1.81l-2.8 2.034a1 1 0 00-.364 1.118l1.07 3.292c.3.921-.755 1.688-1.54 1.118l-2.8-2.034a1 1 0 00-1.175 0l-2.8 2.034c-.784.57-1.838-.197-1.539-1.118l1.07-3.292a1 1 0 00-.364-1.118L2.98 8.72c-.783-.57-.38-1.81.588-1.81h3.461a1 1 0 00.951-.69l1.07-3.292z"
            />
          </svg>
          <span
            class="sc-gsDKAQ bcJVxq"
          >
            Berserk
          </span>
          <div>
            <button
              class="sc-jRQBWg ioDimu"
            >
              Show Description
            </button>
          </div>
        </div>
      </li>
      <li
        class="sc-bdvvtL eGdjyq"
      >
        <img
          alt="JoJo no Kimyou na Bouken Part 7: Steel Ball Run"
          class="sc-dkPtRN dfuFxG"
          src="https://cdn.myanimelist.net/images/manga/3/179882.jpg?s=dac8109140406ca296cf4946296b5037"
        />
        <div
          class="sc-hKwDye bSWfzB"
        >
          <svg
            class="sc-eCImPb imapUP"
            color="#6e727a"
            fill="currentColor"
            height="28"
            stroke="currentColor"
            stroke-width="0"
            style="color: rgb(110, 114, 122);"
            viewBox="0 0 20 20"
            width="28"
            xmlns="http://www.w3.org/2000/svg"
          >
            <path
              d="M9.049 2.927c.3-.921 1.603-.921 1.902 0l1.07 3.292a1 1 0 00.95.69h3.462c.969 0 1.371 1.24.588 1.81l-2.8 2.034a1 1 0 00-.364 1.118l1.07 3.292c.3.921-.755 1.688-1.54 1.118l-2.8-2.034a1 1 0 00-1.175 0l-2.8 2.034c-.784.57-1.838-.197-1.539-1.118l1.07-3.292a1 1 0 00-.364-1.118L2.98 8.72c-.783-.57-.38-1.81.588-1.81h3.461a1 1 0 00.951-.69l1.07-3.292z"
            />
          </svg>
          <span
            class="sc-gsDKAQ bcJVxq"
          >
            JoJo no Kimyou na Bouken Part 7: Steel Ball Run
          </span>
          <div>
            <button
              class="sc-jRQBWg ioDimu"
            >
              Show Description
            </button>
          </div>
        </div>
      </li>
      <li
        class="sc-bdvvtL eGdjyq"
      >
        <img
          alt="One Piece"
          class="sc-dkPtRN dfuFxG"
          src="https://cdn.myanimelist.net/images/manga/3/55539.jpg?s=b4d9e935b7152f0c9e69b34a7797fe02"
        />
        <div
          class="sc-hKwDye bSWfzB"
        >
          <svg
            class="sc-eCImPb imapUP"
            color="#6e727a"
            fill="currentColor"
            height="28"
            stroke="currentColor"
            stroke-width="0"
            style="color: rgb(110, 114, 122);"
            viewBox="0 0 20 20"
            width="28"
            xmlns="http://www.w3.org/2000/svg"
          >
            <path
              d="M9.049 2.927c.3-.921 1.603-.921 1.902 0l1.07 3.292a1 1 0 00.95.69h3.462c.969 0 1.371 1.24.588 1.81l-2.8 2.034a1 1 0 00-.364 1.118l1.07 3.292c.3.921-.755 1.688-1.54 1.118l-2.8-2.034a1 1 0 00-1.175 0l-2.8 2.034c-.784.57-1.838-.197-1.539-1.118l1.07-3.292a1 1 0 00-.364-1.118L2.98 8.72c-.783-.57-.38-1.81.588-1.81h3.461a1 1 0 00.951-.69l1.07-3.292z"
            />
          </svg>
          <span
            class="sc-gsDKAQ bcJVxq"
          >
            One Piece
          </span>
          <div>
            <button
              class="sc-jRQBWg ioDimu"
            >
              Show Description
            </button>
          </div>
        </div>
      </li>
      <li
        class="sc-bdvvtL eGdjyq"
      >
        <img
          alt="Vagabond"
          class="sc-dkPtRN dfuFxG"
          src="https://cdn.myanimelist.net/images/manga/2/181787.jpg?s=bbd3ff81b5d8e50781531c60cd68773f"
        />
        <div
          class="sc-hKwDye bSWfzB"
        >
          <svg
            class="sc-eCImPb imapUP"
            color="#6e727a"
            fill="currentColor"
            height="28"
            stroke="currentColor"
            stroke-width="0"
            style="color: rgb(110, 114, 122);"
            viewBox="0 0 20 20"
            width="28"
            xmlns="http://www.w3.org/2000/svg"
          >
            <path
              d="M9.049 2.927c.3-.921 1.603-.921 1.902 0l1.07 3.292a1 1 0 00.95.69h3.462c.969 0 1.371 1.24.588 1.81l-2.8 2.034a1 1 0 00-.364 1.118l1.07 3.292c.3.921-.755 1.688-1.54 1.118l-2.8-2.034a1 1 0 00-1.175 0l-2.8 2.034c-.784.57-1.838-.197-1.539-1.118l1.07-3.292a1 1 0 00-.364-1.118L2.98 8.72c-.783-.57-.38-1.81.588-1.81h3.461a1 1 0 00.951-.69l1.07-3.292z"
            />
          </svg>
          <span
            class="sc-gsDKAQ bcJVxq"
          >
            Vagabond
          </span>
          <div>
            <button
              class="sc-jRQBWg ioDimu"
            >
              Show Description
            </button>
          </div>
        </div>
      </li>
      <li
        class="sc-bdvvtL eGdjyq"
      >
        <img
          alt="Monster"
          class="sc-dkPtRN dfuFxG"
          src="https://cdn.myanimelist.net/images/manga/3/54525.jpg?s=c660994ac8ba790d9e6bb2400f7c73cd"
        />
        <div
          class="sc-hKwDye bSWfzB"
        >
          <svg
            class="sc-eCImPb imapUP"
            color="#6e727a"
            fill="currentColor"
            height="28"
            stroke="currentColor"
            stroke-width="0"
            style="color: rgb(110, 114, 122);"
            viewBox="0 0 20 20"
            width="28"
            xmlns="http://www.w3.org/2000/svg"
          >
            <path
              d="M9.049 2.927c.3-.921 1.603-.921 1.902 0l1.07 3.292a1 1 0 00.95.69h3.462c.969 0 1.371 1.24.588 1.81l-2.8 2.034a1 1 0 00-.364 1.118l1.07 3.292c.3.921-.755 1.688-1.54 1.118l-2.8-2.034a1 1 0 00-1.175 0l-2.8 2.034c-.784.57-1.838-.197-1.539-1.118l1.07-3.292a1 1 0 00-.364-1.118L2.98 8.72c-.783-.57-.38-1.81.588-1.81h3.461a1 1 0 00.951-.69l1.07-3.292z"
            />
          </svg>
          <span
            class="sc-gsDKAQ bcJVxq"
          >
            Monster
          </span>
          <div>
            <button
              class="sc-jRQBWg ioDimu"
            >
              Show Description
            </button>
          </div>
        </div>
      </li>
      <li
        class="sc-bdvvtL eGdjyq"
      >
        <img
          alt="Fullmetal Alchemist"
          class="sc-dkPtRN dfuFxG"
          src="https://cdn.myanimelist.net/images/manga/3/243675.jpg?s=8cb0a643f8a7597514447f2dd0e4ffc2"
        />
        <div
          class="sc-hKwDye bSWfzB"
        >
          <svg
            class="sc-eCImPb imapUP"
            color="#6e727a"
            fill="currentColor"
            height="28"
            stroke="currentColor"
            stroke-width="0"
            style="color: rgb(110, 114, 122);"
            viewBox="0 0 20 20"
            width="28"
            xmlns="http://www.w3.org/2000/svg"
          >
            <path
              d="M9.049 2.927c.3-.921 1.603-.921 1.902 0l1.07 3.292a1 1 0 00.95.69h3.462c.969 0 1.371 1.24.588 1.81l-2.8 2.034a1 1 0 00-.364 1.118l1.07 3.292c.3.921-.755 1.688-1.54 1.118l-2.8-2.034a1 1 0 00-1.175 0l-2.8 2.034c-.784.57-1.838-.197-1.539-1.118l1.07-3.292a1 1 0 00-.364-1.118L2.98 8.72c-.783-.57-.38-1.81.588-1.81h3.461a1 1 0 00.951-.69l1.07-3.292z"
            />
          </svg>
          <span
            class="sc-gsDKAQ bcJVxq"
          >
            Fullmetal Alchemist
          </span>
          <div>
            <button
              class="sc-jRQBWg ioDimu"
            >
              Show Description
            </button>
          </div>
        </div>
      </li>
      <li
        class="sc-bdvvtL eGdjyq"
      >
        <img
          alt="Oyasumi Punpun"
          class="sc-dkPtRN dfuFxG"
          src="https://cdn.myanimelist.net/images/manga/3/164420.jpg?s=76cffa4b8fdbfedb7a554a5a5695a47a"
        />
        <div
          class="sc-hKwDye bSWfzB"
        >
          <svg
            class="sc-eCImPb imapUP"
            color="#6e727a"
            fill="currentColor"
            height="28"
            stroke="currentColor"
            stroke-width="0"
            style="color: rgb(110, 114, 122);"
            viewBox="0 0 20 20"
            width="28"
            xmlns="http://www.w3.org/2000/svg"
          >
            <path
              d="M9.049 2.927c.3-.921 1.603-.921 1.902 0l1.07 3.292a1 1 0 00.95.69h3.462c.969 0 1.371 1.24.588 1.81l-2.8 2.034a1 1 0 00-.364 1.118l1.07 3.292c.3.921-.755 1.688-1.54 1.118l-2.8-2.034a1 1 0 00-1.175 0l-2.8 2.034c-.784.57-1.838-.197-1.539-1.118l1.07-3.292a1 1 0 00-.364-1.118L2.98 8.72c-.783-.57-.38-1.81.588-1.81h3.461a1 1 0 00.951-.69l1.07-3.292z"
            />
          </svg>
          <span
            class="sc-gsDKAQ bcJVxq"
          >
            Oyasumi Punpun
          </span>
          <div>
            <button
              class="sc-jRQBWg ioDimu"
            >
              Show Description
            </button>
          </div>
        </div>
      </li>
      <li
        class="sc-bdvvtL eGdjyq"
      >
        <img
          alt="Grand Blue"
          class="sc-dkPtRN dfuFxG"
          src="https://cdn.myanimelist.net/images/manga/2/166124.jpg?s=3a3e1279dd192ea90a32ff6bdfdbe4dc"
        />
        <div
          class="sc-hKwDye bSWfzB"
        >
          <svg
            class="sc-eCImPb imapUP"
            color="#6e727a"
            fill="currentColor"
            height="28"
            stroke="currentColor"
            stroke-width="0"
            style="color: rgb(110, 114, 122);"
            viewBox="0 0 20 20"
            width="28"
            xmlns="http://www.w3.org/2000/svg"
          >
            <path
              d="M9.049 2.927c.3-.921 1.603-.921 1.902 0l1.07 3.292a1 1 0 00.95.69h3.462c.969 0 1.371 1.24.588 1.81l-2.8 2.034a1 1 0 00-.364 1.118l1.07 3.292c.3.921-.755 1.688-1.54 1.118l-2.8-2.034a1 1 0 00-1.175 0l-2.8 2.034c-.784.57-1.838-.197-1.539-1.118l1.07-3.292a1 1 0 00-.364-1.118L2.98 8.72c-.783-.57-.38-1.81.588-1.81h3.461a1 1 0 00.951-.69l1.07-3.292z"
            />
          </svg>
          <span
            class="sc-gsDKAQ bcJVxq"
          >
            Grand Blue
          </span>
          <div>
            <button
              class="sc-jRQBWg ioDimu"
            >
              Show Description
            </button>
          </div>
        </div>
      </li>
      <li
        class="sc-bdvvtL eGdjyq"
      >
        <img
          alt="Slam Dunk"
          class="sc-dkPtRN dfuFxG"
          src="https://cdn.myanimelist.net/images/manga/2/157904.jpg?s=c8477fd874de514caeb368880ec9e1db"
        />
        <div
          class="sc-hKwDye bSWfzB"
        >
          <svg
            class="sc-eCImPb imapUP"
            color="#6e727a"
            fill="currentColor"
            height="28"
            stroke="currentColor"
            stroke-width="0"
            style="color: rgb(110, 114, 122);"
            viewBox="0 0 20 20"
            width="28"
            xmlns="http://www.w3.org/2000/svg"
          >
            <path
              d="M9.049 2.927c.3-.921 1.603-.921 1.902 0l1.07 3.292a1 1 0 00.95.69h3.462c.969 0 1.371 1.24.588 1.81l-2.8 2.034a1 1 0 00-.364 1.118l1.07 3.292c.3.921-.755 1.688-1.54 1.118l-2.8-2.034a1 1 0 00-1.175 0l-2.8 2.034c-.784.57-1.838-.197-1.539-1.118l1.07-3.292a1 1 0 00-.364-1.118L2.98 8.72c-.783-.57-.38-1.81.588-1.81h3.461a1 1 0 00.951-.69l1.07-3.292z"
            />
          </svg>
          <span
            class="sc-gsDKAQ bcJVxq"
          >
            Slam Dunk
          </span>
          <div>
            <button
              class="sc-jRQBWg ioDimu"
            >
              Show Description
            </button>
          </div>
        </div>
      </li>
      <li
        class="sc-bdvvtL eGdjyq"
      >
        <img
          alt="Kingdom"
          class="sc-dkPtRN dfuFxG"
          src="https://cdn.myanimelist.net/images/manga/2/171872.jpg?s=21a45c6d977c58c19e3075b015c4ee39"
        />
        <div
          class="sc-hKwDye bSWfzB"
        >
          <svg
            class="sc-eCImPb imapUP"
            color="#6e727a"
            fill="currentColor"
            height="28"
            stroke="currentColor"
            stroke-width="0"
            style="color: rgb(110, 114, 122);"
            viewBox="0 0 20 20"
            width="28"
            xmlns="http://www.w3.org/2000/svg"
          >
            <path
              d="M9.049 2.927c.3-.921 1.603-.921 1.902 0l1.07 3.292a1 1 0 00.95.69h3.462c.969 0 1.371 1.24.588 1.81l-2.8 2.034a1 1 0 00-.364 1.118l1.07 3.292c.3.921-.755 1.688-1.54 1.118l-2.8-2.034a1 1 0 00-1.175 0l-2.8 2.034c-.784.57-1.838-.197-1.539-1.118l1.07-3.292a1 1 0 00-.364-1.118L2.98 8.72c-.783-.57-.38-1.81.588-1.81h3.461a1 1 0 00.951-.69l1.07-3.292z"
            />
          </svg>
          <span
            class="sc-gsDKAQ bcJVxq"
          >
            Kingdom
          </span>
          <div>
            <button
              class="sc-jRQBWg ioDimu"
            >
              Show Description
            </button>
          </div>
        </div>
      </li>
      <li
        class="sc-bdvvtL eGdjyq"
      >
        <img
          alt="Vinland Saga"
          class="sc-dkPtRN dfuFxG"
          src="https://cdn.myanimelist.net/images/manga/2/188925.jpg?s=18b1d30b74bf96b476068901f579e408"
        />
        <div
          class="sc-hKwDye bSWfzB"
        >
          <svg
            class="sc-eCImPb imapUP"
            color="#6e727a"
            fill="currentColor"
            height="28"
            stroke="currentColor"
            stroke-width="0"
            style="color: rgb(110, 114, 122);"
            viewBox="0 0 20 20"
            width="28"
            xmlns="http://www.w3.org/2000/svg"
          >
            <path
              d="M9.049 2.927c.3-.921 1.603-.921 1.902 0l1.07 3.292a1 1 0 00.95.69h3.462c.969 0 1.371 1.24.588 1.81l-2.8 2.034a1 1 0 00-.364 1.118l1.07 3.292c.3.921-.755 1.688-1.54 1.118l-2.8-2.034a1 1 0 00-1.175 0l-2.8 2.034c-.784.57-1.838-.197-1.539-1.118l1.07-3.292a1 1 0 00-.364-1.118L2.98 8.72c-.783-.57-.38-1.81.588-1.81h3.461a1 1 0 00.951-.69l1.07-3.292z"
            />
          </svg>
          <span
            class="sc-gsDKAQ bcJVxq"
          >
            Vinland Saga
          </span>
          <div>
            <button
              class="sc-jRQBWg ioDimu"
            >
              Show Description
            </button>
          </div>
        </div>
      </li>
      <li
        class="sc-bdvvtL eGdjyq"
      >
        <img
          alt="Monogatari Series: First Season"
          class="sc-dkPtRN dfuFxG"
          src="https://cdn.myanimelist.net/images/manga/5/173535.jpg?s=b3742ac411067d352b351824b11b5836"
        />
        <div
          class="sc-hKwDye bSWfzB"
        >
          <svg
            class="sc-eCImPb imapUP"
            color="#6e727a"
            fill="currentColor"
            height="28"
            stroke="currentColor"
            stroke-width="0"
            style="color: rgb(110, 114, 122);"
            viewBox="0 0 20 20"
            width="28"
            xmlns="http://www.w3.org/2000/svg"
          >
            <path
              d="M9.049 2.927c.3-.921 1.603-.921 1.902 0l1.07 3.292a1 1 0 00.95.69h3.462c.969 0 1.371 1.24.588 1.81l-2.8 2.034a1 1 0 00-.364 1.118l1.07 3.292c.3.921-.755 1.688-1.54 1.118l-2.8-2.034a1 1 0 00-1.175 0l-2.8 2.034c-.784.57-1.838-.197-1.539-1.118l1.07-3.292a1 1 0 00-.364-1.118L2.98 8.72c-.783-.57-.38-1.81.588-1.81h3.461a1 1 0 00.951-.69l1.07-3.292z"
            />
          </svg>
          <span
            class="sc-gsDKAQ bcJVxq"
          >
            Monogatari Series: First Season
          </span>
          <div>
            <button
              class="sc-jRQBWg ioDimu"
            >
              Show Description
            </button>
          </div>
        </div>
      </li>
      <li
        class="sc-bdvvtL eGdjyq"
      >
        <img
          alt="20th Century Boys"
          class="sc-dkPtRN dfuFxG"
          src="https://cdn.myanimelist.net/images/manga/1/54437.jpg?s=2dfac509e795f7cc672f1b4c4930bf92"
        />
        <div
          class="sc-hKwDye bSWfzB"
        >
          <svg
            class="sc-eCImPb imapUP"
            color="#6e727a"
            fill="currentColor"
            height="28"
            stroke="currentColor"
            stroke-width="0"
            style="color: rgb(110, 114, 122);"
            viewBox="0 0 20 20"
            width="28"
            xmlns="http://www.w3.org/2000/svg"
          >
            <path
              d="M9.049 2.927c.3-.921 1.603-.921 1.902 0l1.07 3.292a1 1 0 00.95.69h3.462c.969 0 1.371 1.24.588 1.81l-2.8 2.034a1 1 0 00-.364 1.118l1.07 3.292c.3.921-.755 1.688-1.54 1.118l-2.8-2.034a1 1 0 00-1.175 0l-2.8 2.034c-.784.57-1.838-.197-1.539-1.118l1.07-3.292a1 1 0 00-.364-1.118L2.98 8.72c-.783-.57-.38-1.81.588-1.81h3.461a1 1 0 00.951-.69l1.07-3.292z"
            />
          </svg>
          <span
            class="sc-gsDKAQ bcJVxq"
          >
            20th Century Boys
          </span>
          <div>
            <button
              class="sc-jRQBWg ioDimu"
            >
              Show Description
            </button>
          </div>
        </div>
      </li>
      <li
        class="sc-bdvvtL eGdjyq"
      >
        <img
          alt="Ashita no Joe"
          class="sc-dkPtRN dfuFxG"
          src="https://cdn.myanimelist.net/images/manga/4/75029.jpg?s=9888e364738fc189aab5408ebeb63435"
        />
        <div
          class="sc-hKwDye bSWfzB"
        >
          <svg
            class="sc-eCImPb imapUP"
            color="#6e727a"
            fill="currentColor"
            height="28"
            stroke="currentColor"
            stroke-width="0"
            style="color: rgb(110, 114, 122);"
            viewBox="0 0 20 20"
            width="28"
            xmlns="http://www.w3.org/2000/svg"
          >
            <path
              d="M9.049 2.927c.3-.921 1.603-.921 1.902 0l1.07 3.292a1 1 0 00.95.69h3.462c.969 0 1.371 1.24.588 1.81l-2.8 2.034a1 1 0 00-.364 1.118l1.07 3.292c.3.921-.755 1.688-1.54 1.118l-2.8-2.034a1 1 0 00-1.175 0l-2.8 2.034c-.784.57-1.838-.197-1.539-1.118l1.07-3.292a1 1 0 00-.364-1.118L2.98 8.72c-.783-.57-.38-1.81.588-1.81h3.461a1 1 0 00.951-.69l1.07-3.292z"
            />
          </svg>
          <span
            class="sc-gsDKAQ bcJVxq"
          >
            Ashita no Joe
          </span>
          <div>
            <button
              class="sc-jRQBWg ioDimu"
            >
              Show Description
            </button>
          </div>
        </div>
      </li>
      <li
        class="sc-bdvvtL eGdjyq"
      >
        <img
          alt="Kaguya-sama wa Kokurasetai: Tensai-tachi no Renai Zunousen"
          class="sc-dkPtRN dfuFxG"
          src="https://cdn.myanimelist.net/images/manga/3/188896.jpg?s=107a5af07f0e6992faa286f94596f231"
        />
        <div
          class="sc-hKwDye bSWfzB"
        >
          <svg
            class="sc-eCImPb imapUP"
            color="#6e727a"
            fill="currentColor"
            height="28"
            stroke="currentColor"
            stroke-width="0"
            style="color: rgb(110, 114, 122);"
            viewBox="0 0 20 20"
            width="28"
            xmlns="http://www.w3.org/2000/svg"
          >
            <path
              d="M9.049 2.927c.3-.921 1.603-.921 1.902 0l1.07 3.292a1 1 0 00.95.69h3.462c.969 0 1.371 1.24.588 1.81l-2.8 2.034a1 1 0 00-.364 1.118l1.07 3.292c.3.921-.755 1.688-1.54 1.118l-2.8-2.034a1 1 0 00-1.175 0l-2.8 2.034c-.784.57-1.838-.197-1.539-1.118l1.07-3.292a1 1 0 00-.364-1.118L2.98 8.72c-.783-.57-.38-1.81.588-1.81h3.461a1 1 0 00.951-.69l1.07-3.292z"
            />
          </svg>
          <span
            class="sc-gsDKAQ bcJVxq"
          >
            Kaguya-sama wa Kokurasetai: Tensai-tachi no Renai Zunousen
          </span>
          <div>
            <button
              class="sc-jRQBWg ioDimu"
            >
              Show Description
            </button>
          </div>
        </div>
      </li>
      <li
        class="sc-bdvvtL eGdjyq"
      >
        <img
          alt="Monogatari Series: Second Season"
          class="sc-dkPtRN dfuFxG"
          src="https://cdn.myanimelist.net/images/manga/2/181553.jpg?s=f27f4bdebd5a5d90996112eda295cf1b"
        />
        <div
          class="sc-hKwDye bSWfzB"
        >
          <svg
            class="sc-eCImPb imapUP"
            color="#6e727a"
            fill="currentColor"
            height="28"
            stroke="currentColor"
            stroke-width="0"
            style="color: rgb(110, 114, 122);"
            viewBox="0 0 20 20"
            width="28"
            xmlns="http://www.w3.org/2000/svg"
          >
            <path
              d="M9.049 2.927c.3-.921 1.603-.921 1.902 0l1.07 3.292a1 1 0 00.95.69h3.462c.969 0 1.371 1.24.588 1.81l-2.8 2.034a1 1 0 00-.364 1.118l1.07 3.292c.3.921-.755 1.688-1.54 1.118l-2.8-2.034a1 1 0 00-1.175 0l-2.8 2.034c-.784.57-1.838-.197-1.539-1.118l1.07-3.292a1 1 0 00-.364-1.118L2.98 8.72c-.783-.57-.38-1.81.588-1.81h3.461a1 1 0 00.951-.69l1.07-3.292z"
            />
          </svg>
          <span
            class="sc-gsDKAQ bcJVxq"
          >
            Monogatari Series: Second Season
          </span>
          <div>
            <button
              class="sc-jRQBWg ioDimu"
            >
              Show Description
            </button>
          </div>
        </div>
      </li>
      <li
        class="sc-bdvvtL eGdjyq"
      >
        <img
          alt="Houseki no Kuni"
          class="sc-dkPtRN dfuFxG"
          src="https://cdn.myanimelist.net/images/manga/1/115443.jpg?s=9795cb8739785d402a60e5aade4ddf3b"
        />
        <div
          class="sc-hKwDye bSWfzB"
        >
          <svg
            class="sc-eCImPb imapUP"
            color="#6e727a"
            fill="currentColor"
            height="28"
            stroke="currentColor"
            stroke-width="0"
            style="color: rgb(110, 114, 122);"
            viewBox="0 0 20 20"
            width="28"
            xmlns="http://www.w3.org/2000/svg"
          >
            <path
              d="M9.049 2.927c.3-.921 1.603-.921 1.902 0l1.07 3.292a1 1 0 00.95.69h3.462c.969 0 1.371 1.24.588 1.81l-2.8 2.034a1 1 0 00-.364 1.118l1.07 3.292c.3.921-.755 1.688-1.54 1.118l-2.8-2.034a1 1 0 00-1.175 0l-2.8 2.034c-.784.57-1.838-.197-1.539-1.118l1.07-3.292a1 1 0 00-.364-1.118L2.98 8.72c-.783-.57-.38-1.81.588-1.81h3.461a1 1 0 00.951-.69l1.07-3.292z"
            />
          </svg>
          <span
            class="sc-gsDKAQ bcJVxq"
          >
            Houseki no Kuni
          </span>
          <div>
            <button
              class="sc-jRQBWg ioDimu"
            >
              Show Description
            </button>
          </div>
        </div>
      </li>
      <li
        class="sc-bdvvtL eGdjyq"
      >
        <img
          alt="3-gatsu no Lion"
          class="sc-dkPtRN dfuFxG"
          src="https://cdn.myanimelist.net/images/manga/1/52281.jpg?s=de71b0293b835f698d65143d9bf14cee"
        />
        <div
          class="sc-hKwDye bSWfzB"
        >
          <svg
            class="sc-eCImPb imapUP"
            color="#6e727a"
            fill="currentColor"
            height="28"
            stroke="currentColor"
            stroke-width="0"
            style="color: rgb(110, 114, 122);"
            viewBox="0 0 20 20"
            width="28"
            xmlns="http://www.w3.org/2000/svg"
          >
            <path
              d="M9.049 2.927c.3-.921 1.603-.921 1.902 0l1.07 3.292a1 1 0 00.95.69h3.462c.969 0 1.371 1.24.588 1.81l-2.8 2.034a1 1 0 00-.364 1.118l1.07 3.292c.3.921-.755 1.688-1.54 1.118l-2.8-2.034a1 1 0 00-1.175 0l-2.8 2.034c-.784.57-1.838-.197-1.539-1.118l1.07-3.292a1 1 0 00-.364-1.118L2.98 8.72c-.783-.57-.38-1.81.588-1.81h3.461a1 1 0 00.951-.69l1.07-3.292z"
            />
          </svg>
          <span
            class="sc-gsDKAQ bcJVxq"
          >
            3-gatsu no Lion
          </span>
          <div>
            <button
              class="sc-jRQBWg ioDimu"
            >
              Show Description
            </button>
          </div>
        </div>
      </li>
      <li
        class="sc-bdvvtL eGdjyq"
      >
        <img
          alt="GTO"
          class="sc-dkPtRN dfuFxG"
          src="https://cdn.myanimelist.net/images/manga/2/172982.jpg?s=12df0730d20b4e6c9294bf8293feb5ee"
        />
        <div
          class="sc-hKwDye bSWfzB"
        >
          <svg
            class="sc-eCImPb imapUP"
            color="#6e727a"
            fill="currentColor"
            height="28"
            stroke="currentColor"
            stroke-width="0"
            style="color: rgb(110, 114, 122);"
            viewBox="0 0 20 20"
            width="28"
            xmlns="http://www.w3.org/2000/svg"
          >
            <path
              d="M9.049 2.927c.3-.921 1.603-.921 1.902 0l1.07 3.292a1 1 0 00.95.69h3.462c.969 0 1.371 1.24.588 1.81l-2.8 2.034a1 1 0 00-.364 1.118l1.07 3.292c.3.921-.755 1.688-1.54 1.118l-2.8-2.034a1 1 0 00-1.175 0l-2.8 2.034c-.784.57-1.838-.197-1.539-1.118l1.07-3.292a1 1 0 00-.364-1.118L2.98 8.72c-.783-.57-.38-1.81.588-1.81h3.461a1 1 0 00.951-.69l1.07-3.292z"
            />
          </svg>
          <span
            class="sc-gsDKAQ bcJVxq"
          >
            GTO
          </span>
          <div>
            <button
              class="sc-jRQBWg ioDimu"
            >
              Show Description
            </button>
          </div>
        </div>
      </li>
      <li
        class="sc-bdvvtL eGdjyq"
      >
        <img
          alt="Youkoso Jitsuryoku Shijou Shugi no Kyoushitsu e: 2-nensei-hen"
          class="sc-dkPtRN dfuFxG"
          src="https://cdn.myanimelist.net/images/manga/3/235363.jpg?s=c149025727da0c0cb037d23e25677c92"
        />
        <div
          class="sc-hKwDye bSWfzB"
        >
          <svg
            class="sc-eCImPb imapUP"
            color="#6e727a"
            fill="currentColor"
            height="28"
            stroke="currentColor"
            stroke-width="0"
            style="color: rgb(110, 114, 122);"
            viewBox="0 0 20 20"
            width="28"
            xmlns="http://www.w3.org/2000/svg"
          >
            <path
              d="M9.049 2.927c.3-.921 1.603-.921 1.902 0l1.07 3.292a1 1 0 00.95.69h3.462c.969 0 1.371 1.24.588 1.81l-2.8 2.034a1 1 0 00-.364 1.118l1.07 3.292c.3.921-.755 1.688-1.54 1.118l-2.8-2.034a1 1 0 00-1.175 0l-2.8 2.034c-.784.57-1.838-.197-1.539-1.118l1.07-3.292a1 1 0 00-.364-1.118L2.98 8.72c-.783-.57-.38-1.81.588-1.81h3.461a1 1 0 00.951-.69l1.07-3.292z"
            />
          </svg>
          <span
            class="sc-gsDKAQ bcJVxq"
          >
            Youkoso Jitsuryoku Shijou Shugi no Kyoushitsu e: 2-nensei-hen
          </span>
          <div>
            <button
              class="sc-jRQBWg ioDimu"
            >
              Show Description
            </button>
          </div>
        </div>
      </li>
      <li
        class="sc-bdvvtL eGdjyq"
      >
        <img
          alt="Yotsuba to!"
          class="sc-dkPtRN dfuFxG"
          src="https://cdn.myanimelist.net/images/manga/3/57369.jpg?s=04002980dcd4cfd0fb15e3bb9597d934"
        />
        <div
          class="sc-hKwDye bSWfzB"
        >
          <svg
            class="sc-eCImPb imapUP"
            color="#6e727a"
            fill="currentColor"
            height="28"
            stroke="currentColor"
            stroke-width="0"
            style="color: rgb(110, 114, 122);"
            viewBox="0 0 20 20"
            width="28"
            xmlns="http://www.w3.org/2000/svg"
          >
            <path
              d="M9.049 2.927c.3-.921 1.603-.921 1.902 0l1.07 3.292a1 1 0 00.95.69h3.462c.969 0 1.371 1.24.588 1.81l-2.8 2.034a1 1 0 00-.364 1.118l1.07 3.292c.3.921-.755 1.688-1.54 1.118l-2.8-2.034a1 1 0 00-1.175 0l-2.8 2.034c-.784.57-1.838-.197-1.539-1.118l1.07-3.292a1 1 0 00-.364-1.118L2.98 8.72c-.783-.57-.38-1.81.588-1.81h3.461a1 1 0 00.951-.69l1.07-3.292z"
            />
          </svg>
          <span
            class="sc-gsDKAQ bcJVxq"
          >
            Yotsuba to!
          </span>
          <div>
            <button
              class="sc-jRQBWg ioDimu"
            >
              Show Description
            </button>
          </div>
        </div>
      </li>
      <li
        class="sc-bdvvtL eGdjyq"
      >
        <img
          alt="Koe no Katachi"
          class="sc-dkPtRN dfuFxG"
          src="https://cdn.myanimelist.net/images/manga/1/120529.jpg?s=7d7fdc308409589ca579b5a9376effd9"
        />
        <div
          class="sc-hKwDye bSWfzB"
        >
          <svg
            class="sc-eCImPb imapUP"
            color="#6e727a"
            fill="currentColor"
            height="28"
            stroke="currentColor"
            stroke-width="0"
            style="color: rgb(110, 114, 122);"
            viewBox="0 0 20 20"
            width="28"
            xmlns="http://www.w3.org/2000/svg"
          >
            <path
              d="M9.049 2.927c.3-.921 1.603-.921 1.902 0l1.07 3.292a1 1 0 00.95.69h3.462c.969 0 1.371 1.24.588 1.81l-2.8 2.034a1 1 0 00-.364 1.118l1.07 3.292c.3.921-.755 1.688-1.54 1.118l-2.8-2.034a1 1 0 00-1.175 0l-2.8 2.034c-.784.57-1.838-.197-1.539-1.118l1.07-3.292a1 1 0 00-.364-1.118L2.98 8.72c-.783-.57-.38-1.81.588-1.81h3.461a1 1 0 00.951-.69l1.07-3.292z"
            />
          </svg>
          <span
            class="sc-gsDKAQ bcJVxq"
          >
            Koe no Katachi
          </span>
          <div>
            <button
              class="sc-jRQBWg ioDimu"
            >
              Show Description
            </button>
          </div>
        </div>
      </li>
      <li
        class="sc-bdvvtL eGdjyq"
      >
        <img
          alt="Youkoso Jitsuryoku Shijou Shugi no Kyoushitsu e"
          class="sc-dkPtRN dfuFxG"
          src="https://cdn.myanimelist.net/images/manga/2/177958.jpg?s=53f4b8f50c92e541bdd3e1d662e9b3eb"
        />
        <div
          class="sc-hKwDye bSWfzB"
        >
          <svg
            class="sc-eCImPb imapUP"
            color="#6e727a"
            fill="currentColor"
            height="28"
            stroke="currentColor"
            stroke-width="0"
            style="color: rgb(110, 114, 122);"
            viewBox="0 0 20 20"
            width="28"
            xmlns="http://www.w3.org/2000/svg"
          >
            <path
              d="M9.049 2.927c.3-.921 1.603-.921 1.902 0l1.07 3.292a1 1 0 00.95.69h3.462c.969 0 1.371 1.24.588 1.81l-2.8 2.034a1 1 0 00-.364 1.118l1.07 3.292c.3.921-.755 1.688-1.54 1.118l-2.8-2.034a1 1 0 00-1.175 0l-2.8 2.034c-.784.57-1.838-.197-1.539-1.118l1.07-3.292a1 1 0 00-.364-1.118L2.98 8.72c-.783-.57-.38-1.81.588-1.81h3.461a1 1 0 00.951-.69l1.07-3.292z"
            />
          </svg>
          <span
            class="sc-gsDKAQ bcJVxq"
          >
            Youkoso Jitsuryoku Shijou Shugi no Kyoushitsu e
          </span>
          <div>
            <button
              class="sc-jRQBWg ioDimu"
            >
              Show Description
            </button>
          </div>
        </div>
      </li>
      <li
        class="sc-bdvvtL eGdjyq"
      >
        <img
          alt="Monogatari Series: Final Season"
          class="sc-dkPtRN dfuFxG"
          src="https://cdn.myanimelist.net/images/manga/1/181554.jpg?s=bbd4d7cf1d64d06cfec15220f9c39540"
        />
        <div
          class="sc-hKwDye bSWfzB"
        >
          <svg
            class="sc-eCImPb imapUP"
            color="#6e727a"
            fill="currentColor"
            height="28"
            stroke="currentColor"
            stroke-width="0"
            style="color: rgb(110, 114, 122);"
            viewBox="0 0 20 20"
            width="28"
            xmlns="http://www.w3.org/2000/svg"
          >
            <path
              d="M9.049 2.927c.3-.921 1.603-.921 1.902 0l1.07 3.292a1 1 0 00.95.69h3.462c.969 0 1.371 1.24.588 1.81l-2.8 2.034a1 1 0 00-.364 1.118l1.07 3.292c.3.921-.755 1.688-1.54 1.118l-2.8-2.034a1 1 0 00-1.175 0l-2.8 2.034c-.784.57-1.838-.197-1.539-1.118l1.07-3.292a1 1 0 00-.364-1.118L2.98 8.72c-.783-.57-.38-1.81.588-1.81h3.461a1 1 0 00.951-.69l1.07-3.292z"
            />
          </svg>
          <span
            class="sc-gsDKAQ bcJVxq"
          >
            Monogatari Series: Final Season
          </span>
          <div>
            <button
              class="sc-jRQBWg ioDimu"
            >
              Show Description
            </button>
          </div>
        </div>
      </li>
      <li
        class="sc-bdvvtL eGdjyq"
      >
        <img
          alt="Ookami to Koushinryou"
          class="sc-dkPtRN dfuFxG"
          src="https://cdn.myanimelist.net/images/manga/2/153860.jpg?s=3981f0bee3695e1a75744764f8d1b257"
        />
        <div
          class="sc-hKwDye bSWfzB"
        >
          <svg
            class="sc-eCImPb imapUP"
            color="#6e727a"
            fill="currentColor"
            height="28"
            stroke="currentColor"
            stroke-width="0"
            style="color: rgb(110, 114, 122);"
            viewBox="0 0 20 20"
            width="28"
            xmlns="http://www.w3.org/2000/svg"
          >
            <path
              d="M9.049 2.927c.3-.921 1.603-.921 1.902 0l1.07 3.292a1 1 0 00.95.69h3.462c.969 0 1.371 1.24.588 1.81l-2.8 2.034a1 1 0 00-.364 1.118l1.07 3.292c.3.921-.755 1.688-1.54 1.118l-2.8-2.034a1 1 0 00-1.175 0l-2.8 2.034c-.784.57-1.838-.197-1.539-1.118l1.07-3.292a1 1 0 00-.364-1.118L2.98 8.72c-.783-.57-.38-1.81.588-1.81h3.461a1 1 0 00.951-.69l1.07-3.292z"
            />
          </svg>
          <span
            class="sc-gsDKAQ bcJVxq"
          >
            Ookami to Koushinryou
          </span>
          <div>
            <button
              class="sc-jRQBWg ioDimu"
            >
              Show Description
            </button>
          </div>
        </div>
      </li>
      <li
        class="sc-bdvvtL eGdjyq"
      >
        <img
          alt="Real"
          class="sc-dkPtRN dfuFxG"
          src="https://cdn.myanimelist.net/images/manga/2/115969.jpg?s=5a4f02899c76aa4e575a7e877b20b4d8"
        />
        <div
          class="sc-hKwDye bSWfzB"
        >
          <svg
            class="sc-eCImPb imapUP"
            color="#6e727a"
            fill="currentColor"
            height="28"
            stroke="currentColor"
            stroke-width="0"
            style="color: rgb(110, 114, 122);"
            viewBox="0 0 20 20"
            width="28"
            xmlns="http://www.w3.org/2000/svg"
          >
            <path
              d="M9.049 2.927c.3-.921 1.603-.921 1.902 0l1.07 3.292a1 1 0 00.95.69h3.462c.969 0 1.371 1.24.588 1.81l-2.8 2.034a1 1 0 00-.364 1.118l1.07 3.292c.3.921-.755 1.688-1.54 1.118l-2.8-2.034a1 1 0 00-1.175 0l-2.8 2.034c-.784.57-1.838-.197-1.539-1.118l1.07-3.292a1 1 0 00-.364-1.118L2.98 8.72c-.783-.57-.38-1.81.588-1.81h3.461a1 1 0 00.951-.69l1.07-3.292z"
            />
          </svg>
          <span
            class="sc-gsDKAQ bcJVxq"
          >
            Real
          </span>
          <div>
            <button
              class="sc-jRQBWg ioDimu"
            >
              Show Description
            </button>
          </div>
        </div>
      </li>
      <li
        class="sc-bdvvtL eGdjyq"
      >
        <img
          alt="Kaze no Tani no Nausicaä"
          class="sc-dkPtRN dfuFxG"
          src="https://cdn.myanimelist.net/images/manga/3/156624.jpg?s=237768196e315e268bbf5709d52af55c"
        />
        <div
          class="sc-hKwDye bSWfzB"
        >
          <svg
            class="sc-eCImPb imapUP"
            color="#6e727a"
            fill="currentColor"
            height="28"
            stroke="currentColor"
            stroke-width="0"
            style="color: rgb(110, 114, 122);"
            viewBox="0 0 20 20"
            width="28"
            xmlns="http://www.w3.org/2000/svg"
          >
            <path
              d="M9.049 2.927c.3-.921 1.603-.921 1.902 0l1.07 3.292a1 1 0 00.95.69h3.462c.969 0 1.371 1.24.588 1.81l-2.8 2.034a1 1 0 00-.364 1.118l1.07 3.292c.3.921-.755 1.688-1.54 1.118l-2.8-2.034a1 1 0 00-1.175 0l-2.8 2.034c-.784.57-1.838-.197-1.539-1.118l1.07-3.292a1 1 0 00-.364-1.118L2.98 8.72c-.783-.57-.38-1.81.588-1.81h3.461a1 1 0 00.951-.69l1.07-3.292z"
            />
          </svg>
          <span
            class="sc-gsDKAQ bcJVxq"
          >
            Kaze no Tani no Nausicaä
          </span>
          <div>
            <button
              class="sc-jRQBWg ioDimu"
            >
              Show Description
            </button>
          </div>
        </div>
      </li>
      <li
        class="sc-bdvvtL eGdjyq"
      >
        <img
          alt="Solo Leveling"
          class="sc-dkPtRN dfuFxG"
          src="https://cdn.myanimelist.net/images/manga/3/222295.jpg?s=b3abea95ceaccea8adf223bd0e4047b6"
        />
        <div
          class="sc-hKwDye bSWfzB"
        >
          <svg
            class="sc-eCImPb imapUP"
            color="#6e727a"
            fill="currentColor"
            height="28"
            stroke="currentColor"
            stroke-width="0"
            style="color: rgb(110, 114, 122);"
            viewBox="0 0 20 20"
            width="28"
            xmlns="http://www.w3.org/2000/svg"
          >
            <path
              d="M9.049 2.927c.3-.921 1.603-.921 1.902 0l1.07 3.292a1 1 0 00.95.69h3.462c.969 0 1.371 1.24.588 1.81l-2.8 2.034a1 1 0 00-.364 1.118l1.07 3.292c.3.921-.755 1.688-1.54 1.118l-2.8-2.034a1 1 0 00-1.175 0l-2.8 2.034c-.784.57-1.838-.197-1.539-1.118l1.07-3.292a1 1 0 00-.364-1.118L2.98 8.72c-.783-.57-.38-1.81.588-1.81h3.461a1 1 0 00.951-.69l1.07-3.292z"
            />
          </svg>
          <span
            class="sc-gsDKAQ bcJVxq"
          >
            Solo Leveling
          </span>
          <div>
            <button
              class="sc-jRQBWg ioDimu"
            >
              Show Description
            </button>
          </div>
        </div>
      </li>
      <li
        class="sc-bdvvtL eGdjyq"
      >
        <img
          alt="Akatsuki no Yona"
          class="sc-dkPtRN dfuFxG"
          src="https://cdn.myanimelist.net/images/manga/3/153249.jpg?s=09f517be8d9e7cbfe8dc98db44ad10a8"
        />
        <div
          class="sc-hKwDye bSWfzB"
        >
          <svg
            class="sc-eCImPb imapUP"
            color="#6e727a"
            fill="currentColor"
            height="28"
            stroke="currentColor"
            stroke-width="0"
            style="color: rgb(110, 114, 122);"
            viewBox="0 0 20 20"
            width="28"
            xmlns="http://www.w3.org/2000/svg"
          >
            <path
              d="M9.049 2.927c.3-.921 1.603-.921 1.902 0l1.07 3.292a1 1 0 00.95.69h3.462c.969 0 1.371 1.24.588 1.81l-2.8 2.034a1 1 0 00-.364 1.118l1.07 3.292c.3.921-.755 1.688-1.54 1.118l-2.8-2.034a1 1 0 00-1.175 0l-2.8 2.034c-.784.57-1.838-.197-1.539-1.118l1.07-3.292a1 1 0 00-.364-1.118L2.98 8.72c-.783-.57-.38-1.81.588-1.81h3.461a1 1 0 00.951-.69l1.07-3.292z"
            />
          </svg>
          <span
            class="sc-gsDKAQ bcJVxq"
          >
            Akatsuki no Yona
          </span>
          <div>
            <button
              class="sc-jRQBWg ioDimu"
            >
              Show Description
            </button>
          </div>
        </div>
      </li>
      <li
        class="sc-bdvvtL eGdjyq"
      >
        <img
          alt="Haikyuu!!"
          class="sc-dkPtRN dfuFxG"
          src="https://cdn.myanimelist.net/images/manga/4/89519.jpg?s=ad82f09ca07db963223d9c5d025454f3"
        />
        <div
          class="sc-hKwDye bSWfzB"
        >
          <svg
            class="sc-eCImPb imapUP"
            color="#6e727a"
            fill="currentColor"
            height="28"
            stroke="currentColor"
            stroke-width="0"
            style="color: rgb(110, 114, 122);"
            viewBox="0 0 20 20"
            width="28"
            xmlns="http://www.w3.org/2000/svg"
          >
            <path
              d="M9.049 2.927c.3-.921 1.603-.921 1.902 0l1.07 3.292a1 1 0 00.95.69h3.462c.969 0 1.371 1.24.588 1.81l-2.8 2.034a1 1 0 00-.364 1.118l1.07 3.292c.3.921-.755 1.688-1.54 1.118l-2.8-2.034a1 1 0 00-1.175 0l-2.8 2.034c-.784.57-1.838-.197-1.539-1.118l1.07-3.292a1 1 0 00-.364-1.118L2.98 8.72c-.783-.57-.38-1.81.588-1.81h3.461a1 1 0 00.951-.69l1.07-3.292z"
            />
          </svg>
          <span
            class="sc-gsDKAQ bcJVxq"
          >
            Haikyuu!!
          </span>
          <div>
            <button
              class="sc-jRQBWg ioDimu"
            >
              Show Description
            </button>
          </div>
        </div>
      </li>
      <li
        class="sc-bdvvtL eGdjyq"
      >
        <img
          alt="Yahari Ore no Seishun Love Comedy wa Machigatteiru."
          class="sc-dkPtRN dfuFxG"
          src="https://cdn.myanimelist.net/images/manga/1/122461.jpg?s=e2c4751d530c14cf510a1e8f4ce69e39"
        />
        <div
          class="sc-hKwDye bSWfzB"
        >
          <svg
            class="sc-eCImPb imapUP"
            color="#6e727a"
            fill="currentColor"
            height="28"
            stroke="currentColor"
            stroke-width="0"
            style="color: rgb(110, 114, 122);"
            viewBox="0 0 20 20"
            width="28"
            xmlns="http://www.w3.org/2000/svg"
          >
            <path
              d="M9.049 2.927c.3-.921 1.603-.921 1.902 0l1.07 3.292a1 1 0 00.95.69h3.462c.969 0 1.371 1.24.588 1.81l-2.8 2.034a1 1 0 00-.364 1.118l1.07 3.292c.3.921-.755 1.688-1.54 1.118l-2.8-2.034a1 1 0 00-1.175 0l-2.8 2.034c-.784.57-1.838-.197-1.539-1.118l1.07-3.292a1 1 0 00-.364-1.118L2.98 8.72c-.783-.57-.38-1.81.588-1.81h3.461a1 1 0 00.951-.69l1.07-3.292z"
            />
          </svg>
          <span
            class="sc-gsDKAQ bcJVxq"
          >
            Yahari Ore no Seishun Love Comedy wa Machigatteiru.
          </span>
          <div>
            <button
              class="sc-jRQBWg ioDimu"
            >
              Show Description
            </button>
          </div>
        </div>
      </li>
      <li
        class="sc-bdvvtL eGdjyq"
      >
        <img
          alt="Uchuu Kyoudai"
          class="sc-dkPtRN dfuFxG"
          src="https://cdn.myanimelist.net/images/manga/3/166256.jpg?s=1d3e9084ba8828ce8938ad1d5777febf"
        />
        <div
          class="sc-hKwDye bSWfzB"
        >
          <svg
            class="sc-eCImPb imapUP"
            color="#6e727a"
            fill="currentColor"
            height="28"
            stroke="currentColor"
            stroke-width="0"
            style="color: rgb(110, 114, 122);"
            viewBox="0 0 20 20"
            width="28"
            xmlns="http://www.w3.org/2000/svg"
          >
            <path
              d="M9.049 2.927c.3-.921 1.603-.921 1.902 0l1.07 3.292a1 1 0 00.95.69h3.462c.969 0 1.371 1.24.588 1.81l-2.8 2.034a1 1 0 00-.364 1.118l1.07 3.292c.3.921-.755 1.688-1.54 1.118l-2.8-2.034a1 1 0 00-1.175 0l-2.8 2.034c-.784.57-1.838-.197-1.539-1.118l1.07-3.292a1 1 0 00-.364-1.118L2.98 8.72c-.783-.57-.38-1.81.588-1.81h3.461a1 1 0 00.951-.69l1.07-3.292z"
            />
          </svg>
          <span
            class="sc-gsDKAQ bcJVxq"
          >
            Uchuu Kyoudai
          </span>
          <div>
            <button
              class="sc-jRQBWg ioDimu"
            >
              Show Description
            </button>
          </div>
        </div>
      </li>
      <li
        class="sc-bdvvtL eGdjyq"
      >
        <img
          alt="Made in Abyss"
          class="sc-dkPtRN dfuFxG"
          src="https://cdn.myanimelist.net/images/manga/3/161645.jpg?s=58beeec91ad4532699a2b1da3c4d4cda"
        />
        <div
          class="sc-hKwDye bSWfzB"
        >
          <svg
            class="sc-eCImPb imapUP"
            color="#6e727a"
            fill="currentColor"
            height="28"
            stroke="currentColor"
            stroke-width="0"
            style="color: rgb(110, 114, 122);"
            viewBox="0 0 20 20"
            width="28"
            xmlns="http://www.w3.org/2000/svg"
          >
            <path
              d="M9.049 2.927c.3-.921 1.603-.921 1.902 0l1.07 3.292a1 1 0 00.95.69h3.462c.969 0 1.371 1.24.588 1.81l-2.8 2.034a1 1 0 00-.364 1.118l1.07 3.292c.3.921-.755 1.688-1.54 1.118l-2.8-2.034a1 1 0 00-1.175 0l-2.8 2.034c-.784.57-1.838-.197-1.539-1.118l1.07-3.292a1 1 0 00-.364-1.118L2.98 8.72c-.783-.57-.38-1.81.588-1.81h3.461a1 1 0 00.951-.69l1.07-3.292z"
            />
          </svg>
          <span
            class="sc-gsDKAQ bcJVxq"
          >
            Made in Abyss
          </span>
          <div>
            <button
              class="sc-jRQBWg ioDimu"
            >
              Show Description
            </button>
          </div>
        </div>
      </li>
      <li
        class="sc-bdvvtL eGdjyq"
      >
        <img
          alt="Re:Zero kara Hajimeru Isekai Seikatsu"
          class="sc-dkPtRN dfuFxG"
          src="https://cdn.myanimelist.net/images/manga/1/129447.jpg?s=59022093f8f6937a00b6dc9c9f668c00"
        />
        <div
          class="sc-hKwDye bSWfzB"
        >
          <svg
            class="sc-eCImPb imapUP"
            color="#6e727a"
            fill="currentColor"
            height="28"
            stroke="currentColor"
            stroke-width="0"
            style="color: rgb(110, 114, 122);"
            viewBox="0 0 20 20"
            width="28"
            xmlns="http://www.w3.org/2000/svg"
          >
            <path
              d="M9.049 2.927c.3-.921 1.603-.921 1.902 0l1.07 3.292a1 1 0 00.95.69h3.462c.969 0 1.371 1.24.588 1.81l-2.8 2.034a1 1 0 00-.364 1.118l1.07 3.292c.3.921-.755 1.688-1.54 1.118l-2.8-2.034a1 1 0 00-1.175 0l-2.8 2.034c-.784.57-1.838-.197-1.539-1.118l1.07-3.292a1 1 0 00-.364-1.118L2.98 8.72c-.783-.57-.38-1.81.588-1.81h3.461a1 1 0 00.951-.69l1.07-3.292z"
            />
          </svg>
          <span
            class="sc-gsDKAQ bcJVxq"
          >
            Re:Zero kara Hajimeru Isekai Seikatsu
          </span>
          <div>
            <button
              class="sc-jRQBWg ioDimu"
            >
              Show Description
            </button>
          </div>
        </div>
      </li>
      <li
        class="sc-bdvvtL eGdjyq"
      >
        <img
          alt="Jumyou wo Kaitotte Moratta. Ichinen ni Tsuki, Ichimanen de."
          class="sc-dkPtRN dfuFxG"
          src="https://cdn.myanimelist.net/images/manga/3/197880.jpg?s=836e55af7bfc57ed77d1e9cc553aa999"
        />
        <div
          class="sc-hKwDye bSWfzB"
        >
          <svg
            class="sc-eCImPb imapUP"
            color="#6e727a"
            fill="currentColor"
            height="28"
            stroke="currentColor"
            stroke-width="0"
            style="color: rgb(110, 114, 122);"
            viewBox="0 0 20 20"
            width="28"
            xmlns="http://www.w3.org/2000/svg"
          >
            <path
              d="M9.049 2.927c.3-.921 1.603-.921 1.902 0l1.07 3.292a1 1 0 00.95.69h3.462c.969 0 1.371 1.24.588 1.81l-2.8 2.034a1 1 0 00-.364 1.118l1.07 3.292c.3.921-.755 1.688-1.54 1.118l-2.8-2.034a1 1 0 00-1.175 0l-2.8 2.034c-.784.57-1.838-.197-1.539-1.118l1.07-3.292a1 1 0 00-.364-1.118L2.98 8.72c-.783-.57-.38-1.81.588-1.81h3.461a1 1 0 00.951-.69l1.07-3.292z"
            />
          </svg>
          <span
            class="sc-gsDKAQ bcJVxq"
          >
            Jumyou wo Kaitotte Moratta. Ichinen ni Tsuki, Ichimanen de.
          </span>
          <div>
            <button
              class="sc-jRQBWg ioDimu"
            >
              Show Description
            </button>
          </div>
        </div>
      </li>
      <li
        class="sc-bdvvtL eGdjyq"
      >
        <img
          alt="Utsuro no Hako to Zero no Maria"
          class="sc-dkPtRN dfuFxG"
          src="https://cdn.myanimelist.net/images/manga/2/175662.jpg?s=b9b22bf0e733997a1325b6461032eeac"
        />
        <div
          class="sc-hKwDye bSWfzB"
        >
          <svg
            class="sc-eCImPb imapUP"
            color="#6e727a"
            fill="currentColor"
            height="28"
            stroke="currentColor"
            stroke-width="0"
            style="color: rgb(110, 114, 122);"
            viewBox="0 0 20 20"
            width="28"
            xmlns="http://www.w3.org/2000/svg"
          >
            <path
              d="M9.049 2.927c.3-.921 1.603-.921 1.902 0l1.07 3.292a1 1 0 00.95.69h3.462c.969 0 1.371 1.24.588 1.81l-2.8 2.034a1 1 0 00-.364 1.118l1.07 3.292c.3.921-.755 1.688-1.54 1.118l-2.8-2.034a1 1 0 00-1.175 0l-2.8 2.034c-.784.57-1.838-.197-1.539-1.118l1.07-3.292a1 1 0 00-.364-1.118L2.98 8.72c-.783-.57-.38-1.81.588-1.81h3.461a1 1 0 00.951-.69l1.07-3.292z"
            />
          </svg>
          <span
            class="sc-gsDKAQ bcJVxq"
          >
            Utsuro no Hako to Zero no Maria
          </span>
          <div>
            <button
              class="sc-jRQBWg ioDimu"
            >
              Show Description
            </button>
          </div>
        </div>
      </li>
      <li
        class="sc-bdvvtL eGdjyq"
      >
        <img
          alt="Umineko no Naku Koro ni Chiru - Episode 8: Twilight of the Golden Witch"
          class="sc-dkPtRN dfuFxG"
          src="https://cdn.myanimelist.net/images/manga/3/206205.jpg?s=96c2a8b6097d3d142c66342609fe919c"
        />
        <div
          class="sc-hKwDye bSWfzB"
        >
          <svg
            class="sc-eCImPb imapUP"
            color="#6e727a"
            fill="currentColor"
            height="28"
            stroke="currentColor"
            stroke-width="0"
            style="color: rgb(110, 114, 122);"
            viewBox="0 0 20 20"
            width="28"
            xmlns="http://www.w3.org/2000/svg"
          >
            <path
              d="M9.049 2.927c.3-.921 1.603-.921 1.902 0l1.07 3.292a1 1 0 00.95.69h3.462c.969 0 1.371 1.24.588 1.81l-2.8 2.034a1 1 0 00-.364 1.118l1.07 3.292c.3.921-.755 1.688-1.54 1.118l-2.8-2.034a1 1 0 00-1.175 0l-2.8 2.034c-.784.57-1.838-.197-1.539-1.118l1.07-3.292a1 1 0 00-.364-1.118L2.98 8.72c-.783-.57-.38-1.81.588-1.81h3.461a1 1 0 00.951-.69l1.07-3.292z"
            />
          </svg>
          <span
            class="sc-gsDKAQ bcJVxq"
          >
            Umineko no Naku Koro ni Chiru - Episode 8: Twilight of the Golden Witch
          </span>
          <div>
            <button
              class="sc-jRQBWg ioDimu"
            >
              Show Description
            </button>
          </div>
        </div>
      </li>
      <li
        class="sc-bdvvtL eGdjyq"
      >
        <img
          alt="The Horizon"
          class="sc-dkPtRN dfuFxG"
          src="https://cdn.myanimelist.net/images/manga/1/229331.jpg?s=c0ea9fd43c57983166e994940f50b441"
        />
        <div
          class="sc-hKwDye bSWfzB"
        >
          <svg
            class="sc-eCImPb imapUP"
            color="#6e727a"
            fill="currentColor"
            height="28"
            stroke="currentColor"
            stroke-width="0"
            style="color: rgb(110, 114, 122);"
            viewBox="0 0 20 20"
            width="28"
            xmlns="http://www.w3.org/2000/svg"
          >
            <path
              d="M9.049 2.927c.3-.921 1.603-.921 1.902 0l1.07 3.292a1 1 0 00.95.69h3.462c.969 0 1.371 1.24.588 1.81l-2.8 2.034a1 1 0 00-.364 1.118l1.07 3.292c.3.921-.755 1.688-1.54 1.118l-2.8-2.034a1 1 0 00-1.175 0l-2.8 2.034c-.784.57-1.838-.197-1.539-1.118l1.07-3.292a1 1 0 00-.364-1.118L2.98 8.72c-.783-.57-.38-1.81.588-1.81h3.461a1 1 0 00.951-.69l1.07-3.292z"
            />
          </svg>
          <span
            class="sc-gsDKAQ bcJVxq"
          >
            The Horizon
          </span>
          <div>
            <button
              class="sc-jRQBWg ioDimu"
            >
              Show Description
            </button>
          </div>
        </div>
      </li>
      <li
        class="sc-bdvvtL eGdjyq"
      >
        <img
          alt="Mushishi"
          class="sc-dkPtRN dfuFxG"
          src="https://cdn.myanimelist.net/images/manga/2/159514.jpg?s=83c655376f84797c601792fa52e094ea"
        />
        <div
          class="sc-hKwDye bSWfzB"
        >
          <svg
            class="sc-eCImPb imapUP"
            color="#6e727a"
            fill="currentColor"
            height="28"
            stroke="currentColor"
            stroke-width="0"
            style="color: rgb(110, 114, 122);"
            viewBox="0 0 20 20"
            width="28"
            xmlns="http://www.w3.org/2000/svg"
          >
            <path
              d="M9.049 2.927c.3-.921 1.603-.921 1.902 0l1.07 3.292a1 1 0 00.95.69h3.462c.969 0 1.371 1.24.588 1.81l-2.8 2.034a1 1 0 00-.364 1.118l1.07 3.292c.3.921-.755 1.688-1.54 1.118l-2.8-2.034a1 1 0 00-1.175 0l-2.8 2.034c-.784.57-1.838-.197-1.539-1.118l1.07-3.292a1 1 0 00-.364-1.118L2.98 8.72c-.783-.57-.38-1.81.588-1.81h3.461a1 1 0 00.951-.69l1.07-3.292z"
            />
          </svg>
          <span
            class="sc-gsDKAQ bcJVxq"
          >
            Mushishi
          </span>
          <div>
            <button
              class="sc-jRQBWg ioDimu"
            >
              Show Description
            </button>
          </div>
        </div>
      </li>
      <li
        class="sc-bdvvtL eGdjyq"
      >
        <img
          alt="Nana"
          class="sc-dkPtRN dfuFxG"
          src="https://cdn.myanimelist.net/images/manga/1/163191.jpg?s=0f2e6fea0853b7ca2608c6ec213727d1"
        />
        <div
          class="sc-hKwDye bSWfzB"
        >
          <svg
            class="sc-eCImPb imapUP"
            color="#6e727a"
            fill="currentColor"
            height="28"
            stroke="currentColor"
            stroke-width="0"
            style="color: rgb(110, 114, 122);"
            viewBox="0 0 20 20"
            width="28"
            xmlns="http://www.w3.org/2000/svg"
          >
            <path
              d="M9.049 2.927c.3-.921 1.603-.921 1.902 0l1.07 3.292a1 1 0 00.95.69h3.462c.969 0 1.371 1.24.588 1.81l-2.8 2.034a1 1 0 00-.364 1.118l1.07 3.292c.3.921-.755 1.688-1.54 1.118l-2.8-2.034a1 1 0 00-1.175 0l-2.8 2.034c-.784.57-1.838-.197-1.539-1.118l1.07-3.292a1 1 0 00-.364-1.118L2.98 8.72c-.783-.57-.38-1.81.588-1.81h3.461a1 1 0 00.951-.69l1.07-3.292z"
            />
          </svg>
          <span
            class="sc-gsDKAQ bcJVxq"
          >
            Nana
          </span>
          <div>
            <button
              class="sc-jRQBWg ioDimu"
            >
              Show Description
            </button>
          </div>
        </div>
      </li>
      <li
        class="sc-bdvvtL eGdjyq"
      >
        <img
          alt="Blue Period"
          class="sc-dkPtRN dfuFxG"
          src="https://cdn.myanimelist.net/images/manga/2/204827.jpg?s=59b5a5078655a52434668caf6ec83bfb"
        />
        <div
          class="sc-hKwDye bSWfzB"
        >
          <svg
            class="sc-eCImPb imapUP"
            color="#6e727a"
            fill="currentColor"
            height="28"
            stroke="currentColor"
            stroke-width="0"
            style="color: rgb(110, 114, 122);"
            viewBox="0 0 20 20"
            width="28"
            xmlns="http://www.w3.org/2000/svg"
          >
            <path
              d="M9.049 2.927c.3-.921 1.603-.921 1.902 0l1.07 3.292a1 1 0 00.95.69h3.462c.969 0 1.371 1.24.588 1.81l-2.8 2.034a1 1 0 00-.364 1.118l1.07 3.292c.3.921-.755 1.688-1.54 1.118l-2.8-2.034a1 1 0 00-1.175 0l-2.8 2.034c-.784.57-1.838-.197-1.539-1.118l1.07-3.292a1 1 0 00-.364-1.118L2.98 8.72c-.783-.57-.38-1.81.588-1.81h3.461a1 1 0 00.951-.69l1.07-3.292z"
            />
          </svg>
          <span
            class="sc-gsDKAQ bcJVxq"
          >
            Blue Period
          </span>
          <div>
            <button
              class="sc-jRQBWg ioDimu"
            >
              Show Description
            </button>
          </div>
        </div>
      </li>
      <li
        class="sc-bdvvtL eGdjyq"
      >
        <img
          alt="Yokohama Kaidashi Kikou"
          class="sc-dkPtRN dfuFxG"
          src="https://cdn.myanimelist.net/images/manga/1/171813.jpg?s=f4183bcb27637b1d000a8797d63332a9"
        />
        <div
          class="sc-hKwDye bSWfzB"
        >
          <svg
            class="sc-eCImPb imapUP"
            color="#6e727a"
            fill="currentColor"
            height="28"
            stroke="currentColor"
            stroke-width="0"
            style="color: rgb(110, 114, 122);"
            viewBox="0 0 20 20"
            width="28"
            xmlns="http://www.w3.org/2000/svg"
          >
            <path
              d="M9.049 2.927c.3-.921 1.603-.921 1.902 0l1.07 3.292a1 1 0 00.95.69h3.462c.969 0 1.371 1.24.588 1.81l-2.8 2.034a1 1 0 00-.364 1.118l1.07 3.292c.3.921-.755 1.688-1.54 1.118l-2.8-2.034a1 1 0 00-1.175 0l-2.8 2.034c-.784.57-1.838-.197-1.539-1.118l1.07-3.292a1 1 0 00-.364-1.118L2.98 8.72c-.783-.57-.38-1.81.588-1.81h3.461a1 1 0 00.951-.69l1.07-3.292z"
            />
          </svg>
          <span
            class="sc-gsDKAQ bcJVxq"
          >
            Yokohama Kaidashi Kikou
          </span>
          <div>
            <button
              class="sc-jRQBWg ioDimu"
            >
              Show Description
            </button>
          </div>
        </div>
      </li>
      <li
        class="sc-bdvvtL eGdjyq"
      >
        <img
          alt="Natsume Yuujinchou"
          class="sc-dkPtRN dfuFxG"
          src="https://cdn.myanimelist.net/images/manga/4/154023.jpg?s=2507c4a239ca800e10e4427b0e60351b"
        />
        <div
          class="sc-hKwDye bSWfzB"
        >
          <svg
            class="sc-eCImPb imapUP"
            color="#6e727a"
            fill="currentColor"
            height="28"
            stroke="currentColor"
            stroke-width="0"
            style="color: rgb(110, 114, 122);"
            viewBox="0 0 20 20"
            width="28"
            xmlns="http://www.w3.org/2000/svg"
          >
            <path
              d="M9.049 2.927c.3-.921 1.603-.921 1.902 0l1.07 3.292a1 1 0 00.95.69h3.462c.969 0 1.371 1.24.588 1.81l-2.8 2.034a1 1 0 00-.364 1.118l1.07 3.292c.3.921-.755 1.688-1.54 1.118l-2.8-2.034a1 1 0 00-1.175 0l-2.8 2.034c-.784.57-1.838-.197-1.539-1.118l1.07-3.292a1 1 0 00-.364-1.118L2.98 8.72c-.783-.57-.38-1.81.588-1.81h3.461a1 1 0 00.951-.69l1.07-3.292z"
            />
          </svg>
          <span
            class="sc-gsDKAQ bcJVxq"
          >
            Natsume Yuujinchou
          </span>
          <div>
            <button
              class="sc-jRQBWg ioDimu"
            >
              Show Description
            </button>
          </div>
        </div>
      </li>
      <li
        class="sc-bdvvtL eGdjyq"
      >
        <img
          alt="Mikkakan no Koufuku"
          class="sc-dkPtRN dfuFxG"
          src="https://cdn.myanimelist.net/images/manga/3/248674.jpg?s=8df50c1467deb0ebeb25d3bfe1b4ef13"
        />
        <div
          class="sc-hKwDye bSWfzB"
        >
          <svg
            class="sc-eCImPb imapUP"
            color="#6e727a"
            fill="currentColor"
            height="28"
            stroke="currentColor"
            stroke-width="0"
            style="color: rgb(110, 114, 122);"
            viewBox="0 0 20 20"
            width="28"
            xmlns="http://www.w3.org/2000/svg"
          >
            <path
              d="M9.049 2.927c.3-.921 1.603-.921 1.902 0l1.07 3.292a1 1 0 00.95.69h3.462c.969 0 1.371 1.24.588 1.81l-2.8 2.034a1 1 0 00-.364 1.118l1.07 3.292c.3.921-.755 1.688-1.54 1.118l-2.8-2.034a1 1 0 00-1.175 0l-2.8 2.034c-.784.57-1.838-.197-1.539-1.118l1.07-3.292a1 1 0 00-.364-1.118L2.98 8.72c-.783-.57-.38-1.81.588-1.81h3.461a1 1 0 00.951-.69l1.07-3.292z"
            />
          </svg>
          <span
            class="sc-gsDKAQ bcJVxq"
          >
            Mikkakan no Koufuku
          </span>
          <div>
            <button
              class="sc-jRQBWg ioDimu"
            >
              Show Description
            </button>
          </div>
        </div>
      </li>
      <li
        class="sc-bdvvtL eGdjyq"
      >
        <img
          alt="One Punch-Man"
          class="sc-dkPtRN dfuFxG"
          src="https://cdn.myanimelist.net/images/manga/3/80661.jpg?s=3eb9cd0c329dacd00f6c318ee0f5945f"
        />
        <div
          class="sc-hKwDye bSWfzB"
        >
          <svg
            class="sc-eCImPb imapUP"
            color="#6e727a"
            fill="currentColor"
            height="28"
            stroke="currentColor"
            stroke-width="0"
            style="color: rgb(110, 114, 122);"
            viewBox="0 0 20 20"
            width="28"
            xmlns="http://www.w3.org/2000/svg"
          >
            <path
              d="M9.049 2.927c.3-.921 1.603-.921 1.902 0l1.07 3.292a1 1 0 00.95.69h3.462c.969 0 1.371 1.24.588 1.81l-2.8 2.034a1 1 0 00-.364 1.118l1.07 3.292c.3.921-.755 1.688-1.54 1.118l-2.8-2.034a1 1 0 00-1.175 0l-2.8 2.034c-.784.57-1.838-.197-1.539-1.118l1.07-3.292a1 1 0 00-.364-1.118L2.98 8.72c-.783-.57-.38-1.81.588-1.81h3.461a1 1 0 00.951-.69l1.07-3.292z"
            />
          </svg>
          <span
            class="sc-gsDKAQ bcJVxq"
          >
            One Punch-Man
          </span>
          <div>
            <button
              class="sc-jRQBWg ioDimu"
            >
              Show Description
            </button>
          </div>
        </div>
      </li>
      <li
        class="sc-bdvvtL eGdjyq"
      >
        <img
          alt="Death Note"
          class="sc-dkPtRN dfuFxG"
          src="https://cdn.myanimelist.net/images/manga/2/54453.jpg?s=64e676c2d2ea8370b400a0503db2bc46"
        />
        <div
          class="sc-hKwDye bSWfzB"
        >
          <svg
            class="sc-eCImPb imapUP"
            color="#6e727a"
            fill="currentColor"
            height="28"
            stroke="currentColor"
            stroke-width="0"
            style="color: rgb(110, 114, 122);"
            viewBox="0 0 20 20"
            width="28"
            xmlns="http://www.w3.org/2000/svg"
          >
            <path
              d="M9.049 2.927c.3-.921 1.603-.921 1.902 0l1.07 3.292a1 1 0 00.95.69h3.462c.969 0 1.371 1.24.588 1.81l-2.8 2.034a1 1 0 00-.364 1.118l1.07 3.292c.3.921-.755 1.688-1.54 1.118l-2.8-2.034a1 1 0 00-1.175 0l-2.8 2.034c-.784.57-1.838-.197-1.539-1.118l1.07-3.292a1 1 0 00-.364-1.118L2.98 8.72c-.783-.57-.38-1.81.588-1.81h3.461a1 1 0 00.951-.69l1.07-3.292z"
            />
          </svg>
          <span
            class="sc-gsDKAQ bcJVxq"
          >
            Death Note
          </span>
          <div>
            <button
              class="sc-jRQBWg ioDimu"
            >
              Show Description
            </button>
          </div>
        </div>
      </li>
      <li
        class="sc-bdvvtL eGdjyq"
      >
        <img
          alt="Akira"
          class="sc-dkPtRN dfuFxG"
          src="https://cdn.myanimelist.net/images/manga/2/157929.jpg?s=721c68c609abd2587e8dae8eeed7e65c"
        />
        <div
          class="sc-hKwDye bSWfzB"
        >
          <svg
            class="sc-eCImPb imapUP"
            color="#6e727a"
            fill="currentColor"
            height="28"
            stroke="currentColor"
            stroke-width="0"
            style="color: rgb(110, 114, 122);"
            viewBox="0 0 20 20"
            width="28"
            xmlns="http://www.w3.org/2000/svg"
          >
            <path
              d="M9.049 2.927c.3-.921 1.603-.921 1.902 0l1.07 3.292a1 1 0 00.95.69h3.462c.969 0 1.371 1.24.588 1.81l-2.8 2.034a1 1 0 00-.364 1.118l1.07 3.292c.3.921-.755 1.688-1.54 1.118l-2.8-2.034a1 1 0 00-1.175 0l-2.8 2.034c-.784.57-1.838-.197-1.539-1.118l1.07-3.292a1 1 0 00-.364-1.118L2.98 8.72c-.783-.57-.38-1.81.588-1.81h3.461a1 1 0 00.951-.69l1.07-3.292z"
            />
          </svg>
          <span
            class="sc-gsDKAQ bcJVxq"
          >
            Akira
          </span>
          <div>
            <button
              class="sc-jRQBWg ioDimu"
            >
              Show Description
            </button>
          </div>
        </div>
      </li>
      <li
        class="sc-bdvvtL eGdjyq"
      >
        <img
          alt="86"
          class="sc-dkPtRN dfuFxG"
          src="https://cdn.myanimelist.net/images/manga/3/194315.jpg?s=3844c469c8f810b8f496b0beddcfaf5c"
        />
        <div
          class="sc-hKwDye bSWfzB"
        >
          <svg
            class="sc-eCImPb imapUP"
            color="#6e727a"
            fill="currentColor"
            height="28"
            stroke="currentColor"
            stroke-width="0"
            style="color: rgb(110, 114, 122);"
            viewBox="0 0 20 20"
            width="28"
            xmlns="http://www.w3.org/2000/svg"
          >
            <path
              d="M9.049 2.927c.3-.921 1.603-.921 1.902 0l1.07 3.292a1 1 0 00.95.69h3.462c.969 0 1.371 1.24.588 1.81l-2.8 2.034a1 1 0 00-.364 1.118l1.07 3.292c.3.921-.755 1.688-1.54 1.118l-2.8-2.034a1 1 0 00-1.175 0l-2.8 2.034c-.784.57-1.838-.197-1.539-1.118l1.07-3.292a1 1 0 00-.364-1.118L2.98 8.72c-.783-.57-.38-1.81.588-1.81h3.461a1 1 0 00.951-.69l1.07-3.292z"
            />
          </svg>
          <span
            class="sc-gsDKAQ bcJVxq"
          >
            86
          </span>
          <div>
            <button
              class="sc-jRQBWg ioDimu"
            >
              Show Description
            </button>
          </div>
        </div>
      </li>
      <li
        class="sc-bdvvtL eGdjyq"
      >
        <img
          alt="Chainsaw Man"
          class="sc-dkPtRN dfuFxG"
          src="https://cdn.myanimelist.net/images/manga/3/216464.jpg?s=be8b827c88ca462abed2d034b1a98dae"
        />
        <div
          class="sc-hKwDye bSWfzB"
        >
          <svg
            class="sc-eCImPb imapUP"
            color="#6e727a"
            fill="currentColor"
            height="28"
            stroke="currentColor"
            stroke-width="0"
            style="color: rgb(110, 114, 122);"
            viewBox="0 0 20 20"
            width="28"
            xmlns="http://www.w3.org/2000/svg"
          >
            <path
              d="M9.049 2.927c.3-.921 1.603-.921 1.902 0l1.07 3.292a1 1 0 00.95.69h3.462c.969 0 1.371 1.24.588 1.81l-2.8 2.034a1 1 0 00-.364 1.118l1.07 3.292c.3.921-.755 1.688-1.54 1.118l-2.8-2.034a1 1 0 00-1.175 0l-2.8 2.034c-.784.57-1.838-.197-1.539-1.118l1.07-3.292a1 1 0 00-.364-1.118L2.98 8.72c-.783-.57-.38-1.81.588-1.81h3.461a1 1 0 00.951-.69l1.07-3.292z"
            />
          </svg>
          <span
            class="sc-gsDKAQ bcJVxq"
          >
            Chainsaw Man
          </span>
          <div>
            <button
              class="sc-jRQBWg ioDimu"
            >
              Show Description
            </button>
          </div>
        </div>
      </li>
      <li
        class="sc-bdvvtL eGdjyq"
      >
        <img
          alt="Hunter x Hunter"
          class="sc-dkPtRN dfuFxG"
          src="https://cdn.myanimelist.net/images/manga/2/253119.jpg?s=f9d25027f52ceb3d4f127ab96c3e0e5e"
        />
        <div
          class="sc-hKwDye bSWfzB"
        >
          <svg
            class="sc-eCImPb imapUP"
            color="#6e727a"
            fill="currentColor"
            height="28"
            stroke="currentColor"
            stroke-width="0"
            style="color: rgb(110, 114, 122);"
            viewBox="0 0 20 20"
            width="28"
            xmlns="http://www.w3.org/2000/svg"
          >
            <path
              d="M9.049 2.927c.3-.921 1.603-.921 1.902 0l1.07 3.292a1 1 0 00.95.69h3.462c.969 0 1.371 1.24.588 1.81l-2.8 2.034a1 1 0 00-.364 1.118l1.07 3.292c.3.921-.755 1.688-1.54 1.118l-2.8-2.034a1 1 0 00-1.175 0l-2.8 2.034c-.784.57-1.838-.197-1.539-1.118l1.07-3.292a1 1 0 00-.364-1.118L2.98 8.72c-.783-.57-.38-1.81.588-1.81h3.461a1 1 0 00.951-.69l1.07-3.292z"
            />
          </svg>
          <span
            class="sc-gsDKAQ bcJVxq"
          >
            Hunter x Hunter
          </span>
          <div>
            <button
              class="sc-jRQBWg ioDimu"
            >
              Show Description
            </button>
          </div>
        </div>
      </li>
    </div>
  </div>
</div>
`;
