// Jest Snapshot v1, https://goo.gl/fbAQLP

exports[`match snapshot 1`] = `
<div>
  <div
    class="sc-furwcr jIgEcB"
  >
    <div
      class="sc-pVTFL ftKrgq"
    >
      <input
        class="sc-jrQzAO ioWYCL"
        placeholder="Email"
      />
      <input
        class="sc-jrQzAO ioWYCL"
        placeholder="Password"
      />
      <button
        class="sc-kDTinF bTdvEh"
      >
        Login
      </button>
    </div>
  </div>
</div>
`;
